{
 "cells": [
  {
   "cell_type": "markdown",
   "metadata": {
    "scrolled": true
   },
   "source": [
    "This notebook tests that using \"--keep-metadata-keys\" works as expected."
   ]
  },
  {
   "cell_type": "code",
   "execution_count": null,
   "metadata": {
    "collapsed": true
   },
   "outputs": [],
   "source": [
    "1+1"
   ]
  }
 ],
 "metadata": {},
 "nbformat": 4,
 "nbformat_minor": 0
}
